// Jest Snapshot v1, https://goo.gl/fbAQLP

exports[`Render Game Render correctly 1`] = `
<div>
  <h1>
    Simon Says
  </h1>
  <div
    className="simon"
  >
    <div
      className="circle"
    >
      <div
        className="inner"
      >
        <div
          className="buttons"
          id="green"
          onClick={[Function]}
        />
        <div
          className="buttons"
          id="red"
          onClick={[Function]}
        />
        <div
          className="buttons"
          id="yellow"
          onClick={[Function]}
        />
        <div
          className="buttons"
          id="blue"
          onClick={[Function]}
        />
        <div
          className="round"
        >
          0
        </div>
      </div>
    </div>
  </div>
  <div
    className="controls"
  >
    <div
      className="text"
    >
      
    </div>
    <button
      id="start"
      onClick={[Function]}
      type="button"
    >
      Start Game
    </button>
  </div>
</div>
`;
