// Jest Snapshot v1, https://goo.gl/fbAQLP

exports[`[RENDER] Solver - Snapshot test Matches the snapshot 1`] = `
<div
  className="input"
>
  <input
    id="aCoef"
    onInput={[Function]}
    type="number"
    value=""
  />
  <h4>
     *x^2+ 
  </h4>
  <input
    id="bCoef"
    onChange={[Function]}
    type="number"
    value=""
  />
  <h4>
     *x+ 
  </h4>
  <input
    id="cCoef"
    onChange={[Function]}
    type="number"
    value=""
  />
  <h4>
     =0 
  </h4>
  <div
    className="solve"
    id="solve"
  >
    <h4>
      Корни: 
    </h4>
  </div>
</div>
`;
